{
  "command": "cat /proc/meminfo",
  "exit_code": 0,
  "success": true,
  "stdout": "MemTotal:       32817964 kB\nMemFree:         7950052 kB\nMemAvailable:   25804704 kB\nBuffers:          151424 kB\nCached:         16980256 kB\nSwapCached:        37500 kB\nActive:          8601532 kB\nInactive:       14414032 kB\nActive(anon):    4898068 kB\nInactive(anon):   452180 kB\nActive(file):    3703464 kB\nInactive(file): 13961852 kB\nUnevictable:         104 kB\nMlocked:             104 kB\nSwapTotal:       8388604 kB\nSwapFree:        8207064 kB\nZswap:                 0 kB\nZswapped:              0 kB\nDirty:              5796 kB\nWriteback:             0 kB\nAnonPages:       5875704 kB\nMapped:          1406960 kB\nShmem:            152296 kB\nKReclaimable:     674280 kB\nSlab:             979828 kB\nSReclaimable:     674280 kB\nSUnreclaim:       305548 kB\nKernelStack:       21136 kB\nPageTables:        64100 kB\nSecPageTables:         0 kB\nNFS_Unstable:          0 kB\nBounce:                0 kB\nWritebackTmp:          0 kB\nCommitLimit:    24797584 kB\nCommitted_AS:   14697148 kB\nVmallocTotal:   34359738367 kB\nVmallocUsed:      126676 kB\nVmallocChunk:          0 kB\nPercpu:            27488 kB\nHardwareCorrupted:     0 kB\nAnonHugePages:         0 kB\nShmemHugePages:        0 kB\nShmemPmdMapped:        0 kB\nFileHugePages:    542720 kB\nFilePmdMapped:      4096 kB\nCmaTotal:              0 kB\nCmaFree:               0 kB\nUnaccepted:            0 kB\nBalloon:               0 kB\nHugePages_Total:       0\nHugePages_Free:        0\nHugePages_Rsvd:        0\nHugePages_Surp:        0\nHugepagesize:       2048 kB\nHugetlb:               0 kB\nDirectMap4k:      964592 kB\nDirectMap2M:    17862656 kB\nDirectMap1G:    14680064 kB\n",
  "stderr": "",
  "stdout_bytes": 1615,
  "stderr_bytes": 0,
  "recorded_at": "2026-06-03T22:57:02.769476751+00:00"
}
