{
  "command": "cat /proc/meminfo",
  "exit_code": 0,
  "success": true,
  "stdout": "MemTotal:       32817964 kB\nMemFree:         7937724 kB\nMemAvailable:   25791756 kB\nBuffers:          151176 kB\nCached:         16979904 kB\nSwapCached:        37500 kB\nActive:          8613564 kB\nInactive:       14413552 kB\nActive(anon):    4910228 kB\nInactive(anon):   452180 kB\nActive(file):    3703336 kB\nInactive(file): 13961372 kB\nUnevictable:         104 kB\nMlocked:             104 kB\nSwapTotal:       8388604 kB\nSwapFree:        8207064 kB\nZswap:                 0 kB\nZswapped:              0 kB\nDirty:              4868 kB\nWriteback:             0 kB\nAnonPages:       5887900 kB\nMapped:          1407232 kB\nShmem:            152296 kB\nKReclaimable:     674268 kB\nSlab:             979656 kB\nSReclaimable:     674268 kB\nSUnreclaim:       305388 kB\nKernelStack:       21040 kB\nPageTables:        64092 kB\nSecPageTables:         0 kB\nNFS_Unstable:          0 kB\nBounce:                0 kB\nWritebackTmp:          0 kB\nCommitLimit:    24797584 kB\nCommitted_AS:   14694336 kB\nVmallocTotal:   34359738367 kB\nVmallocUsed:      126516 kB\nVmallocChunk:          0 kB\nPercpu:            27488 kB\nHardwareCorrupted:     0 kB\nAnonHugePages:         0 kB\nShmemHugePages:        0 kB\nShmemPmdMapped:        0 kB\nFileHugePages:    542720 kB\nFilePmdMapped:      4096 kB\nCmaTotal:              0 kB\nCmaFree:               0 kB\nUnaccepted:            0 kB\nBalloon:               0 kB\nHugePages_Total:       0\nHugePages_Free:        0\nHugePages_Rsvd:        0\nHugePages_Surp:        0\nHugepagesize:       2048 kB\nHugetlb:               0 kB\nDirectMap4k:      964592 kB\nDirectMap2M:    17862656 kB\nDirectMap1G:    14680064 kB\n",
  "stderr": "",
  "stdout_bytes": 1615,
  "stderr_bytes": 0,
  "recorded_at": "2026-06-03T22:55:14.703359472+00:00"
}
